
  # random_password.this will be created
  + resource "random_password" "this" {
      + bcrypt_hash = (known after apply)
      + id = (known after apply)
      + length = 16
      + lower = true
      + min_lower = 0
      + min_numeric = 0
      + min_special = 0
      + min_upper = 0
      + number = true
      + numeric = true
      + result = (known after apply)
      + special = true
      + upper = true
    }

  # random_pet.this will be created
  + resource "random_pet" "this" {
      + id = (known after apply)
      + length = 2
      + separator = "-"
    }

  # module.child.null_resource.labeled will be created
  + resource "null_resource" "labeled" {
      + id = (known after apply)
      + triggers["app.kubernetes.io/name"] = "quoter"
      + triggers["app.kubernetes.io/version"] = "9.2.2"
      + triggers.team = "platform"
    }

Plan: 3 to add, 0 to change, 0 to destroy, 0 to replace, 0 to forget.
