
  # random_password.this will be destroyed
  - resource "random_password" "this" {
      - bcrypt_hash = (sensitive value)
      - id = "none"
      - length = 16
      - lower = true
      - min_lower = 0
      - min_numeric = 0
      - min_special = 0
      - min_upper = 0
      - number = true
      - numeric = true
      - result = (sensitive value)
      - special = true
      - upper = true
    }

  # random_pet.this will be destroyed
  - resource "random_pet" "this" {
      - id = "eager-gator"
      - length = 2
      - separator = "-"
    }

  # module.child.null_resource.labeled will be destroyed
  - resource "null_resource" "labeled" {
      - id = "3493970986057272581"
      - triggers["app.kubernetes.io/name"] = "quoter"
      - triggers["app.kubernetes.io/version"] = "9.2.2"
      - triggers.team = "platform"
    }

Plan: 0 to add, 0 to change, 3 to destroy, 0 to replace, 0 to forget.
